myV2 myV r10 r11 r12 r13 r14 r15 r8 r9 rax rbp rbx rdi rdx rsi
myV myV2 r12 r13 r14 r15 rbp rbx
r10 myV2 r11 r12 r13 r14 r15 r8 r9 rax rbp rbx rcx rdi rdx rsi
r11 myV2 r10 r12 r13 r14 r15 r8 r9 rax rbp rbx rcx rdi rdx rsi
r12 myV myV2 r10 r11 r13 r14 r15 r8 r9 rax rbp rbx rcx rdi rdx rsi
r13 myV myV2 r10 r11 r12 r14 r15 r8 r9 rax rbp rbx rcx rdi rdx rsi
r14 myV myV2 r10 r11 r12 r13 r15 r8 r9 rax rbp rbx rcx rdi rdx rsi
r15 myV myV2 r10 r11 r12 r13 r14 r8 r9 rax rbp rbx rcx rdi rdx rsi
r8 myV2 r10 r11 r12 r13 r14 r15 r9 rax rbp rbx rcx rdi rdx rsi
r9 myV2 r10 r11 r12 r13 r14 r15 r8 rax rbp rbx rcx rdi rdx rsi
rax myV2 r10 r11 r12 r13 r14 r15 r8 r9 rbp rbx rcx rdi rdx rsi
rbp myV myV2 r10 r11 r12 r13 r14 r15 r8 r9 rax rbx rcx rdi rdx rsi
rbx myV myV2 r10 r11 r12 r13 r14 r15 r8 r9 rax rbp rcx rdi rdx rsi
rcx r10 r11 r12 r13 r14 r15 r8 r9 rax rbp rbx rdi rdx rsi
rdi myV2 r10 r11 r12 r13 r14 r15 r8 r9 rax rbp rbx rcx rdx rsi
rdx myV2 r10 r11 r12 r13 r14 r15 r8 r9 rax rbp rbx rcx rdi rsi
rsi myV2 r10 r11 r12 r13 r14 r15 r8 r9 rax rbp rbx rcx rdi rdx
