r10 r11 r12 r13 r14 r15 r8 r9 rax rbp rbx rcx rdi rdx rsi var1
r11 r10 r12 r13 r14 r15 r8 r9 rax rbp rbx rcx rdi rdx rsi var1
r12 r10 r11 r13 r14 r15 r8 r9 rax rbp rbx rcx rdi rdx rsi
r13 r10 r11 r12 r14 r15 r8 r9 rax rbp rbx rcx rdi rdx rsi var1
r14 r10 r11 r12 r13 r15 r8 r9 rax rbp rbx rcx rdi rdx rsi var1
r15 r10 r11 r12 r13 r14 r8 r9 rax rbp rbx rcx rdi rdx rsi var1
r8 r10 r11 r12 r13 r14 r15 r9 rax rbp rbx rcx rdi rdx rsi var1
r9 r10 r11 r12 r13 r14 r15 r8 rax rbp rbx rcx rdi rdx rsi var1
rax r10 r11 r12 r13 r14 r15 r8 r9 rbp rbx rcx rdi rdx rsi var1
rbp r10 r11 r12 r13 r14 r15 r8 r9 rax rbx rcx rdi rdx rsi var1
rbx r10 r11 r12 r13 r14 r15 r8 r9 rax rbp rcx rdi rdx rsi var1
rcx r10 r11 r12 r13 r14 r15 r8 r9 rax rbp rbx rdi rdx rsi var1
rdi r10 r11 r12 r13 r14 r15 r8 r9 rax rbp rbx rcx rdx rsi var1
rdx r10 r11 r12 r13 r14 r15 r8 r9 rax rbp rbx rcx rdi rsi var1
rsi r10 r11 r12 r13 r14 r15 r8 r9 rax rbp rbx rcx rdi rdx var1
var1 r10 r11 r13 r14 r15 r8 r9 rax rbp rbx rcx rdi rdx rsi
