(
(in
(r12 r13 r14 r15 rax rbp rbx rdi)
(myVar1 r12 r13 r14 r15 rax rbp rbx rdi)
(r12 r13 r14 r15 rax rbp rbx)
)

(out
(myVar1 r12 r13 r14 r15 rax rbp rbx rdi)
(r12 r13 r14 r15 rax rbp rbx)
()
)

)
