(
(in
(r12 r13 r14 r15 rbp rbx)
(a r12 r13 r14 r15 rbp rbx)
(a r12 r13 r14 r15 rax rbp rbx)
(r12 r13 r14 r15 rax rbp rbx)
)

(out
(a r12 r13 r14 r15 rbp rbx)
(a r12 r13 r14 r15 rax rbp rbx)
(r12 r13 r14 r15 rax rbp rbx)
()
)

)
