(
(in
(r12 r13 r14 r15 rbp rbx)
(r13 r14 r15 rbp rbx)
(r12 r13 r14 r15 rbp rbx)
(r13 r14 r15 rbp rbx rdi)
(r13 r14 r15 rbp rbx)
(r13 r14 r15 rbp rbx var1)
(r13 r14 r15 rbp rbx var1)
(r13 r14 r15 rax rbp rbx var1)
(r13 r14 r15 rax rbp rbx var1)
(r13 r14 r15 rax rbp rbx)
(r12 r13 r14 r15 rax rbp rbx)
)

(out
(r13 r14 r15 rbp rbx)
(r12 r13 r14 r15 rbp rbx)
(r13 r14 r15 rbp rbx rdi)
(r13 r14 r15 rbp rbx)
(r13 r14 r15 rbp rbx var1)
(r13 r14 r15 rbp rbx var1)
(r13 r14 r15 rax rbp rbx var1)
(r13 r14 r15 rax rbp rbx var1)
(r13 r14 r15 rax rbp rbx)
(r12 r13 r14 r15 rax rbp rbx)
()
)

)
