(
(in
(r12 r13 r14 r15 rax rbp rbx)
(myVar1 r12 r13 r14 r15 rax rbp rbx)
(myVar1 myVar2 r12 r13 r14 r15 rax rbp rbx)
(r12 r13 r14 r15 rax rbp rbx)
)

(out
(myVar1 r12 r13 r14 r15 rax rbp rbx)
(myVar1 myVar2 r12 r13 r14 r15 rax rbp rbx)
(r12 r13 r14 r15 rax rbp rbx)
()
)

)
