(
(in
(r12 r13 r14 r15 rbp rbx)
(myVar r12 r13 r14 r15 rbp rbx)
(r12 r13 r14 r15 rax rbp rbx)
)

(out
(myVar r12 r13 r14 r15 rbp rbx)
(r12 r13 r14 r15 rax rbp rbx)
()
)

)
