attempted to access an array or tuple, which has not been allocated
