{s:7, 2, 2, 2, 0, 0, 0, 0}
attempted to use position 2 (linearized array length: 7)
