{s:5, 1, 3, -1, -1, -1}
-1
-1
-1
10
9
8
5
{s:5, 1, 3, 0, 0, 0}
0
0
0
10
9
8
10
{s:5, 1, 3, 1, 0, 4}
1
0
4
