attempted to use position 61 in an array that only has 7 positions
