42
2
{s:2, 42, 2}
0
2
8
42
{s:2, 42, 2}
1
2
16
2
{s:2, 42, 2}
2
2
attempted to use position 2 in an array that only has 2 positions
